---
source: ingredient-parser/tests/snapshots.rs
assertion_line: 37
expression: rendered
---
2 cups all-purpose flour, sifted    => 2 cups all-purpose flour, sifted
1¼ cups / 155.5g flour              => 1¼ cups / 155½ g flour
2-3 cups chicken broth              => 2 - 3 cups chicken broth
1 to 2 tablespoons honey            => 1 - 2 tbsp honey
(1/2 cup chopped walnuts)           => ½ cup walnuts, chopped (optional)
1 (14.5 oz) can diced tomatoes      => 1 can / 14½ oz tomatoes, diced
1 cup (2 sticks) butter             => 1 cup / 2 stick butter
3 large eggs                        => 3 whole large eggs
salt to taste                       => n/a salt, to taste
Chocolate Chip Cookies              => n/a Chocolate Chip Cookies
