---
source: ingredient-parser/tests/snapshots.rs
assertion_line: 43
expression: "from_str(\"1¼ cups / 155.5g flour\")"
---
Ingredient {
    name: "flour",
    amounts: [
        Measure {
            unit: Cup,
            value: Ratio {
                numer: 5,
                denom: 4,
            },
            upper_value: None,
        },
        Measure {
            unit: Gram,
            value: Ratio {
                numer: 311,
                denom: 2,
            },
            upper_value: None,
        },
    ],
    modifier: None,
    optional: false,
}
